{
  event = "msg_showcmd",
  kind = {}
}
{
  event = "msg_showcmd",
  kind = { { 0, ":", 0 } }
}
{ 0, ":", "", 0, 1, 0,
  event = "cmdline_show",
  kind = { { 0, "" } }
}
{ 1, ":", "", 0, 1, 0,
  event = "cmdline_show",
  kind = { { 0, "N" } }
}
{ 2, ":", "", 0, 1, 0,
  event = "cmdline_show",
  kind = { { 0, "No" } }
}
{ 3, ":", "", 0, 1, 0,
  event = "cmdline_show",
  kind = { { 0, "Noi" } }
}
{ 4, ":", "", 0, 1, 0,
  event = "cmdline_show",
  kind = { { 0, "Noic" } }
}
{ true,
  event = "cmdline_hide",
  kind = 1
}
{
  event = "msg_showcmd",
  kind = {}
}
{
  event = "msg_showcmd",
  kind = { { 0, "^[", 0 } }
}
{
  event = "msg_showcmd",
  kind = {}
}
{
  event = "msg_showcmd",
  kind = { { 0, ":", 0 } }
}
{ 0, ":", "", 0, 1, 0,
  event = "cmdline_show",
  kind = { { 0, "" } }
}
{ 1, ":", "", 0, 1, 0,
  event = "cmdline_show",
  kind = { { 0, "N" } }
}
{ true,
  event = "cmdline_hide",
  kind = 1
}
{
  event = "msg_showcmd",
  kind = {}
}
{
  event = "msg_showcmd",
  kind = { { 0, "^[", 0 } }
}
{
  event = "msg_showcmd",
  kind = {}
}
{
  event = "msg_showcmd",
  kind = { { 0, ":", 0 } }
}
{ 0, ":", "", 0, 1, 0,
  event = "cmdline_show",
  kind = { { 0, "" } }
}
{ 1, ":", "", 0, 1, 0,
  event = "cmdline_show",
  kind = { { 0, "q" } }
}
{ 2, ":", "", 0, 1, 0,
  event = "cmdline_show",
  kind = { { 0, "qa" } }
}
{ false,
  event = "cmdline_hide",
  kind = 1
}
{ { { 63, '\nSave changes to "/Users/jasoncluck/code/gbu/.svelte-kit/types/src/routes/proxy+page.server.ts"?\n', 10 } }, false, false,
  event = "msg_show",
  kind = "confirm"
}
{ 0, "", "[Y]es, (N)o, Save (A)ll, (D)iscard All, (C)ancel: ", 0, 1, 10,
  event = "cmdline_show",
  kind = { { 0, "" } }
}
{ false,
  event = "cmdline_hide",
  kind = 1
}
{ 0, "", "[Y]es, (N)o, Save (A)ll, (D)iscard All, (C)ancel: ", 0, 1, 10,
  event = "cmdline_show",
  kind = { { 0, "" } }
}
{
  event = "msg_clear"
}
{ true,
  event = "cmdline_hide",
  kind = 1
}
{ { { 63, '\nW12: Warning: File "~/code/gbu/.svelte-kit/types/src/routes/proxy+page.server.ts" has changed and the buffer was changed in Vim as well\nSee ":help W12" for more info.\n', 10 } }, false, false,
  event = "msg_show",
  kind = "confirm"
}
{ 0, "", "[O]K, (L)oad File, Load File (a)nd Options: ", 0, 1, 10,
  event = "cmdline_show",
  kind = { { 0, "" } }
}
{ true,
  event = "cmdline_hide",
  kind = 1
}
{
  event = "msg_showcmd",
  kind = {}
}
{
  event = "msg_clear"
}
{
  event = "msg_showcmd",
  kind = { { 0, ":", 0 } }
}
{ 0, ":", "", 0, 1, 0,
  event = "cmdline_show",
  kind = { { 0, "" } }
}
{ 1, ":", "", 0, 1, 0,
  event = "cmdline_show",
  kind = { { 0, "q" } }
}
{ 2, ":", "", 0, 1, 0,
  event = "cmdline_show",
  kind = { { 0, "qa" } }
}
{ false,
  event = "cmdline_hide",
  kind = 1
}
{ { { 63, '\nSave changes to "/Users/jasoncluck/code/gbu/.svelte-kit/types/src/routes/proxy+page.server.ts"?\n', 10 } }, false, false,
  event = "msg_show",
  kind = "confirm"
}
{ 0, "", "[Y]es, (N)o, Save (A)ll, (D)iscard All, (C)ancel: ", 0, 1, 10,
  event = "cmdline_show",
  kind = { { 0, "" } }
}
{ false,
  event = "cmdline_hide",
  kind = 1
}
{
  event = "msg_clear"
}
{ { { 0, '"~/code/gbu/.svelte-kit/types/src/routes/proxy+page.server.ts" ', 0 } }, false, false,
  event = "msg_show",
  kind = "bufwrite"
}
{ { { 176, "WARNING: The file has been changed since reading it!!!", 6 } }, false, true,
  event = "msg_show",
  kind = ""
}
{ 0, "", "Do you really want to write to it (y/n)?", 0, 1, 18,
  event = "cmdline_show",
  kind = { { 0, "" } }
}
{ false,
  event = "cmdline_hide",
  kind = 1
}
{
  event = "msg_showcmd",
  kind = {}
}
{
  event = "msg_clear"
}
{
  event = "msg_showcmd",
  kind = { { 0, ":", 0 } }
}
{ 0, ":", "", 0, 1, 0,
  event = "cmdline_show",
  kind = { { 0, "" } }
}
{ 1, ":", "", 0, 1, 0,
  event = "cmdline_show",
  kind = { { 0, "q" } }
}
{ 2, ":", "", 0, 1, 0,
  event = "cmdline_show",
  kind = { { 0, "qa" } }
}
{ false,
  event = "cmdline_hide",
  kind = 1
}
{ { { 63, '\nSave changes to "/Users/jasoncluck/code/gbu/.svelte-kit/types/src/routes/proxy+page.server.ts"?\n', 10 } }, false, false,
  event = "msg_show",
  kind = "confirm"
}
{ 0, "", "[Y]es, (N)o, Save (A)ll, (D)iscard All, (C)ancel: ", 0, 1, 10,
  event = "cmdline_show",
  kind = { { 0, "" } }
}
{ false,
  event = "cmdline_hide",
  kind = 1
}
{ { { 63, '\nSave changes to "/Users/jasoncluck/code/gbu/.svelte-kit/types/src/routes/continue/proxy+page.server.ts"?\n', 10 } }, false, false,
  event = "msg_show",
  kind = "confirm"
}
{ 0, "", "[Y]es, (N)o, (C)ancel: ", 0, 1, 10,
  event = "cmdline_show",
  kind = { { 0, "" } }
}
{
  event = "msg_clear"
}
{ false,
  event = "cmdline_hide",
  kind = 1
}
